Testing v1...
v1: error Network error occurred

Testing v2...
v2: error Network error occurred

Testing v3...
v3: error Request failed with status code 404
